\BOOKMARK [1][-]{section.1}{\376\377\000P\000a\000r\000t\000i\000e\000\040\000A\000l\000e\000x\000a\000n\000d\000r\000e\000\040\000P\000i\000c\000a\000r\000d}{}% 1
\BOOKMARK [2][-]{subsection.1.1}{\376\377\000I\000n\000t\000r\000o\000d\000u\000c\000t\000i\000o\000n}{section.1}% 2
\BOOKMARK [2][-]{subsection.1.2}{\376\377\000C\000o\000n\000t\000e\000x\000t\000u\000a\000l\000i\000s\000a\000t\000i\000o\000n}{section.1}% 3
\BOOKMARK [2][-]{subsection.1.3}{\376\377\000B\000a\000s\000e\000\040\000d\000e\000\040\000d\000o\000n\000n\000\351\000e\000\040\000\050\000M\000C\000D\000\051}{section.1}% 4
\BOOKMARK [2][-]{subsection.1.4}{\376\377\000A\000p\000p\000l\000i\000c\000a\000t\000i\000o\000n\000\040\000C\000+\000+\000/\000C\000L\000I}{section.1}% 5
\BOOKMARK [3][-]{subsubsection.1.4.1}{\376\377\000Q\000u\000'\000e\000s\000t\000\040\000c\000e\000\040\000q\000u\000e\000\040\000l\000e\000\040\000C\000+\000+\000/\000C\000L\000I}{subsection.1.4}% 6
\BOOKMARK [3][-]{subsubsection.1.4.2}{\376\377\000P\000r\000e\000m\000i\000\350\000r\000e\000\040\000a\000p\000p\000l\000i\000c\000a\000t\000i\000o\000n}{subsection.1.4}% 7
\BOOKMARK [3][-]{subsubsection.1.4.3}{\376\377\000T\000r\000a\000n\000s\000i\000t\000i\000o\000n\000\040\000v\000e\000r\000s\000\040\000l\000e\000\040\000C\000\043}{subsection.1.4}% 8
\BOOKMARK [2][-]{subsection.1.5}{\376\377\000A\000p\000p\000l\000i\000c\000a\000t\000i\000o\000n\000\040\000C\000\043}{section.1}% 9
\BOOKMARK [3][-]{subsubsection.1.5.1}{\376\377\000Q\000u\000'\000e\000s\000t\000\040\000c\000e\000\040\000q\000u\000e\000\040\000l\000e\000\040\000C\000\043}{subsection.1.5}% 10
\BOOKMARK [3][-]{subsubsection.1.5.2}{\376\377\000C\000l\000a\000s\000s\000e\000\040\000p\000o\000u\000r\000\040\000l\000a\000\040\000b\000a\000s\000e\000\040\000d\000e\000\040\000d\000o\000n\000n\000\351\000e\000s}{subsection.1.5}% 11
\BOOKMARK [3][-]{subsubsection.1.5.3}{\376\377\000C\000l\000a\000s\000s\000e\000\040\000p\000o\000u\000r\000\040\000l\000e\000\040\000c\000h\000i\000f\000f\000r\000a\000g\000e}{subsection.1.5}% 12
\BOOKMARK [3][-]{subsubsection.1.5.4}{\376\377\000C\000l\000a\000s\000s\000e\000\040\000p\000o\000u\000r\000\040\000l\000e\000\040\000r\000e\000g\000e\000x}{subsection.1.5}% 13
\BOOKMARK [3][-]{subsubsection.1.5.5}{\376\377\000C\000l\000a\000s\000s\000e\000\040\000p\000o\000u\000r\000\040\000l\000e\000\040\000m\000e\000n\000u}{subsection.1.5}% 14
\BOOKMARK [3][-]{subsubsection.1.5.6}{\376\377\000C\000l\000a\000s\000s\000e\000\040\000p\000o\000u\000r\000\040\000l\000e\000\040\000l\000e\000c\000t\000e\000u\000r}{subsection.1.5}% 15
\BOOKMARK [3][-]{subsubsection.1.5.7}{\376\377\000P\000a\000g\000e\000\040\000M\000a\000i\000n\000f\000o\000r\000m}{subsection.1.5}% 16
\BOOKMARK [3][-]{subsubsection.1.5.8}{\376\377\000P\000a\000g\000e\000\040\000d\000'\000a\000j\000o\000u\000t\000\040\000d\000e\000\040\000V\000i\000s\000i\000t\000e\000u\000r}{subsection.1.5}% 17
\BOOKMARK [3][-]{subsubsection.1.5.9}{\376\377\000P\000a\000g\000e\000\040\000d\000'\000a\000j\000o\000u\000t\000\040\000d\000'\000u\000t\000i\000l\000i\000s\000a\000t\000e\000u\000r}{subsection.1.5}% 18
\BOOKMARK [3][-]{subsubsection.1.5.10}{\376\377\000P\000a\000g\000e\000\040\000d\000'\000a\000j\000o\000u\000t\000\040\000t\000a\000g}{subsection.1.5}% 19
\BOOKMARK [3][-]{subsubsection.1.5.11}{\376\377\000P\000a\000g\000e\000\040\000d\000e\000\040\000s\000u\000p\000p\000r\000e\000s\000s\000i\000o\000n\000s\000\040\000\050\000U\000t\000i\000l\000i\000s\000a\000t\000e\000u\000r\000/\000V\000i\000s\000i\000t\000e\000u\000r\000/\000T\000a\000g\000\051}{subsection.1.5}% 20
